// Jest Snapshot v1, https://goo.gl/fbAQLP

exports[`Identity container correctly changes scanning to false when qr code scanner is canceled 1`] = `
<IdentityComponent
  emailAddress=""
  onEmailAddressChange={[Function]}
  onPhoneNumberChange={[Function]}
  onScannerCancel={[Function]}
  onScannerStart={[Function]}
  onScannerSuccess={[Function]}
  onUserNameChange={[Function]}
  phoneNumber=""
  scanning={false}
  userName=""
/>
`;

exports[`Identity container correctly changes scanning to true when qr code scanner is started 1`] = `
<IdentityComponent
  emailAddress=""
  onEmailAddressChange={[Function]}
  onPhoneNumberChange={[Function]}
  onScannerCancel={[Function]}
  onScannerStart={[Function]}
  onScannerSuccess={[Function]}
  onUserNameChange={[Function]}
  phoneNumber=""
  scanning={false}
  userName=""
/>
`;

exports[`Identity container mounts correctly and matches the snapshot 1`] = `
<IdentityComponent
  emailAddress=""
  onEmailAddressChange={[Function]}
  onPhoneNumberChange={[Function]}
  onScannerCancel={[Function]}
  onScannerStart={[Function]}
  onScannerSuccess={[Function]}
  onUserNameChange={[Function]}
  phoneNumber=""
  scanning={false}
  userName=""
/>
`;
