// Jest Snapshot v1, https://goo.gl/fbAQLP

exports[`landing container mounts correctly and matches snapshot 1`] = `
<LandingComponent
  handleButtonTap={[Function]}
/>
`;
