// Jest Snapshot v1, https://goo.gl/fbAQLP

exports[`seedPhrase container mounts correctly and matches snapshot 1`] = `
<SeedPhrase
  handleButtonTap={[Function]}
  seedPhrase="mock seedPhrase"
/>
`;
