// Jest Snapshot v1, https://goo.gl/fbAQLP

exports[`Identity component matches the snapshot on render 1`] = `
<Container>
  <Block>
    <Block
      style={
        Object {
          "marginBottom": "15%",
        }
      }
    >
      <TextInput
        allowFontScaling={true}
        onChangeText={[Function]}
        placeholder="Please enter your name"
        style={
          Object {
            "flex": 1,
            "width": "80%",
          }
        }
        value=""
      />
      <TextInput
        allowFontScaling={true}
        onChangeText={[Function]}
        placeholder="Please enter your phone number"
        style={
          Object {
            "flex": 1,
            "width": "80%",
          }
        }
        value=""
      />
      <TextInput
        allowFontScaling={true}
        onChangeText={[Function]}
        placeholder="Please enter your email address"
        style={
          Object {
            "flex": 1,
            "width": "80%",
          }
        }
        value=""
      />
    </Block>
    <Block
      style={
        Object {
          "alignItems": "flex-end",
          "bottom": "5%",
          "position": "absolute",
          "right": "3%",
        }
      }
    >
      <TouchableOpacity
        activeOpacity={0.2}
        onPress={[Function]}
        style={
          Object {
            "alignItems": "center",
            "backgroundColor": "#942f51",
            "borderRadius": 35,
            "elevation": 8,
            "height": 55,
            "shadowColor": "#000",
            "shadowOffset": Object {
              "height": 2,
              "width": 0,
            },
            "shadowOpacity": 0.8,
            "shadowRadius": 2,
            "width": 55,
          }
        }
      >
        <Icon
          allowFontScaling={false}
          color="white"
          name="qrcode-scan"
          size={30}
          style={
            Object {
              "margin": "20%",
            }
          }
        />
      </TouchableOpacity>
    </Block>
  </Block>
</Container>
`;
