// Jest Snapshot v1, https://goo.gl/fbAQLP

exports[`seedPhrase component matches the snapshot with checkbox unchecked 1`] = `
<Wrapper
  style={
    Object {
      "backgroundColor": "rgb(5, 5, 13)",
    }
  }
>
  <View
    style={
      Object {
        "paddingHorizontal": "5%",
      }
    }
  >
    <View
      style={
        Object {
          "flex": 0.8,
          "justifyContent": "center",
          "marginTop": 24,
        }
      }
    >
      <Text
        style={
          Object {
            "color": "rgb(255, 239, 223)",
            "fontFamily": "TT Commons",
            "fontSize": 20,
            "lineHeight": 23,
            "textAlign": "center",
          }
        }
      >
        Write these words down on an analog and secure place. Without these words, you cannot access your wallet again.
      </Text>
    </View>
    <View
      style={
        Object {
          "flex": 1,
        }
      }
    >
      <Text
        style={
          Object {
            "color": "rgb(255, 255, 255)",
            "fontFamily": "TT Commons",
            "fontSize": 30,
            "lineHeight": 38,
            "textAlign": "center",
          }
        }
      >
        mock seedPhrase
      </Text>
    </View>
    <View
      style={
        Object {
          "marginBottom": 30,
          "marginTop": "auto",
        }
      }
    >
      <JolocomButton
        onPress={[MockFunction]}
        text="Yes, I wrote it down"
      />
    </View>
  </View>
</Wrapper>
`;
