// Jest Snapshot v1, https://goo.gl/fbAQLP

exports[`registration reducer should initialize correctly 1`] = `
Object {
  "loading": Immutable.Map {
    "loadingMsg": "Loading",
  },
}
`;
